   Compiling serde v1.0.228
   Compiling napi-derive-backend v1.0.75
   Compiling oxc_span v0.133.0
   Compiling napi v2.16.17
   Compiling oxc_regular_expression v0.133.0
   Compiling oxc_index v4.1.0
   Compiling smallvec v1.15.1
   Compiling oxc_sourcemap v6.1.1
   Compiling oxc_syntax v0.133.0
   Compiling napi-derive v2.16.13
   Compiling oxc_ast v0.133.0
   Compiling oxc_ast_visit v0.133.0
   Compiling oxc_ecmascript v0.133.0
   Compiling oxc_semantic v0.133.0
   Compiling oxc_codegen v0.133.0
   Compiling render3 v0.1.0 (D:\dev\treaty\libs\render3)
warning: method `is_interpolated_text` is never used
   --> libs\render3\src\ml_parser.rs:627:8
    |
626 | impl Token {
    | ---------- method in this implementation
627 |     fn is_interpolated_text(&self) -> bool {
    |        ^^^^^^^^^^^^^^^^^^^^
    |
    = note: `#[warn(dead_code)]` (part of `#[warn(unused)]`) on by default

warning: constant `BSPACE` is never used
   --> libs\render3\src\ml_parser.rs:237:15
    |
237 |     pub const BSPACE: u32 = 8;
    |               ^^^^^^

warning: constant `VTAB` is never used
   --> libs\render3\src\ml_parser.rs:240:15
    |
240 |     pub const VTAB: u32 = 11;
    |               ^^^^

warning: constant `FF` is never used
   --> libs\render3\src\ml_parser.rs:241:15
    |
241 |     pub const FF: u32 = 12;
    |               ^^

warning: constant `D7` is never used
   --> libs\render3\src\ml_parser.rs:263:15
    |
263 |     pub const D7: u32 = 55;
    |               ^^

warning: constant `B_LO` is never used
   --> libs\render3\src\ml_parser.rs:277:15
    |
277 |     pub const B_LO: u32 = 98;
    |               ^^^^

warning: constant `N_LO` is never used
   --> libs\render3\src\ml_parser.rs:279:15
    |
279 |     pub const N_LO: u32 = 110;
    |               ^^^^

warning: constant `R_LO` is never used
   --> libs\render3\src\ml_parser.rs:280:15
    |
280 |     pub const R_LO: u32 = 114;
    |               ^^^^

warning: constant `T_LO` is never used
   --> libs\render3\src\ml_parser.rs:281:15
    |
281 |     pub const T_LO: u32 = 116;
    |               ^^^^

warning: constant `U_LO` is never used
   --> libs\render3\src\ml_parser.rs:282:15
    |
282 |     pub const U_LO: u32 = 117;
    |               ^^^^

warning: constant `V_LO` is never used
   --> libs\render3\src\ml_parser.rs:283:15
    |
283 |     pub const V_LO: u32 = 118;
    |               ^^^^

warning: function `is_octal_digit` is never used
   --> libs\render3\src\ml_parser.rs:309:12
    |
309 |     pub fn is_octal_digit(code: u32) -> bool {
    |            ^^^^^^^^^^^^^^

warning: `render3` (lib) generated 12 warnings
   Compiling authoring_node v0.1.0 (D:\dev\treaty\libs\authoring\node)
    Finished `dev` profile [unoptimized + debuginfo] target(s) in 48.90s
