bun install v1.4.0-canary.1 (7e4084476)
Resolving dependencies
Resolved, downloaded and extracted [633]
62 |     "@swc/core": "~1.3.85",
         ^
warn: Duplicate dependency: "@swc/core" specified in package.json
   at D:/dev/treaty/package.json:62:5

37 |     "@swc/core": "1.4.1",
                      ^
note: "@swc/core" originally specified here
   at D:/dev/treaty/package.json:37:18

72 |     "@volar/language-server": "~2.4.0",
         ^
warn: Duplicate dependency: "@volar/language-server" specified in package.json
   at D:/dev/treaty/package.json:72:5

14 |     "@volar/language-server": "~2.4.0",
                                   ^
note: "@volar/language-server" originally specified here
   at D:/dev/treaty/package.json:14:31

warn: incorrect peer dependency "jest@29.7.0"

warn: incorrect peer dependency "jsdom@22.1.0"
warn: cypress' postinstall cost you 30s

warn: cypress' postinstall cost you 1m354.8ms

Saved lockfile

+ @angular-devkit/build-angular@21.2.13
+ @angular-devkit/core@21.2.13
+ @angular-devkit/schematics@21.2.13
+ @angular-eslint/eslint-plugin@21.4.0
+ @angular-eslint/eslint-plugin-template@21.4.0
+ @angular-eslint/template-parser@21.4.0
+ @angular/cli@21.2.13
+ @angular/compiler-cli@21.2.15
+ @angular/language-service@21.2.15
+ @codemirror/buildhelper@1.0.1
+ @moonrepo/cli@1.28.3
+ @napi-rs/cli@2.14.8
+ @schematics/angular@21.2.13
+ @swc-node/register@1.8.0
+ @swc/cli@0.1.65
+ @swc/core@1.3.107
+ @swc/helpers@0.5.9
+ @swc/jest@0.2.20
+ @types/jest@29.5.12
+ @types/node@18.16.9 (v25.9.1 available)
+ @types/vscode@1.93.0
+ @typescript-eslint/eslint-plugin@8.60.0
+ @typescript-eslint/parser@8.60.0
+ @vitest/coverage-v8@4.1.7
+ @vitest/ui@4.1.7
+ @volar/language-server@2.4.5
+ @volar/vscode@2.4.5
+ autoprefixer@10.4.19
+ bun-types@1.1.3
+ cypress@13.6.4
+ esbuild@0.23.1 (v0.28.0 available)
+ eslint@9.39.4 (v10.4.1 available)
+ eslint-config-prettier@9.1.0
+ eslint-plugin-cypress@2.15.1
+ jest@29.7.0
+ jest-environment-jsdom@29.7.0
+ jest-environment-node@29.7.0
+ jest-preset-angular@15.0.3 (v16.1.5 available)
+ jsdom@22.1.0
+ jsonc-eslint-parser@2.4.0
+ ng-packagr@21.2.3
+ postcss@8.4.38 (v8.5.15 available)
+ postcss-url@10.1.3
+ prettier@3.3.3
+ swc-loader@0.1.15
+ ts-jest@29.1.2 (v29.4.11 available)
+ ts-node@10.9.1
+ typescript@5.9.3 (v6.0.3 available)
+ verdaccio@5.30.3
+ vite@7.3.3 (v8.0.14 available)
+ vitest@4.1.7
+ vsce@2.15.0
+ @angular/animations@21.2.15
+ @angular/common@21.2.15
+ @angular/compiler@21.2.15
+ @angular/core@21.2.15
+ @angular/forms@21.2.15
+ @angular/platform-browser@21.2.15
+ @angular/platform-browser-dynamic@21.2.15
+ @angular/router@21.2.15
+ @babel/core@7.24.4
+ @codemirror/lang-html@6.4.9
+ @codemirror/lang-javascript@6.2.2
+ @codemirror/language@6.10.1
+ @lezer/common@1.2.1
+ @lezer/highlight@1.2.0
+ @lezer/lr@1.4.0
+ @volar/language-core@2.4.5
+ @volar/typescript@2.4.5
+ codemirror@6.0.1
+ rxjs@7.8.1 (v7.8.2 available)
+ shiki@1.17.7
+ swc-ast-helpers@0.3.1
+ tslib@2.6.2 (v2.8.1 available)
+ unplugin-lezer@1.0.0
+ volar-service-css@0.0.62
+ volar-service-emmet@0.0.62
+ volar-service-html@0.0.62
+ volar-service-typescript@0.0.62
+ vscode-html-languageservice@5.3.1
+ vscode-uri@3.0.8
+ zone.js@0.16.2

2042 packages installed [256.88s]

Blocked 4 postinstalls. Run `bun pm untrusted` for details.
Removed: 12
