error TS6305: Output file 'D:/dev/treaty/dist/out-tsc/apps/repl/src/app/app.config.d.ts' has not been built from source file 'D:/dev/treaty/apps/repl/src/app/app.config.ts'.
  The file is in the program because:
    Matched by include pattern 'src' in 'apps/repl/tsconfig.json'
error TS6305: Output file 'D:/dev/treaty/dist/out-tsc/apps/repl/src/app/lang-treaty/parser.d.ts' has not been built from source file 'D:/dev/treaty/apps/repl/src/app/lang-treaty/parser.ts'.
  The file is in the program because:
    Matched by include pattern 'src' in 'apps/repl/tsconfig.json'
error TS6305: Output file 'D:/dev/treaty/dist/out-tsc/apps/repl/src/app/lang-treaty/parser.terms.d.ts' has not been built from source file 'D:/dev/treaty/apps/repl/src/app/lang-treaty/parser.terms.ts'.
  The file is in the program because:
    Matched by include pattern 'src' in 'apps/repl/tsconfig.json'
error TS6305: Output file 'D:/dev/treaty/dist/out-tsc/apps/repl/src/app/lang-treaty/tokens.d.ts' has not been built from source file 'D:/dev/treaty/apps/repl/src/app/lang-treaty/tokens.ts'.
  The file is in the program because:
    Matched by include pattern 'src' in 'apps/repl/tsconfig.json'
error TS6305: Output file 'D:/dev/treaty/dist/out-tsc/apps/repl/src/app/lang-treaty/treatyjs.d.ts' has not been built from source file 'D:/dev/treaty/apps/repl/src/app/lang-treaty/treatyjs.ts'.
  The file is in the program because:
    Matched by include pattern 'src' in 'apps/repl/tsconfig.json'
error TS6305: Output file 'D:/dev/treaty/dist/out-tsc/apps/repl/src/app/utils/highlighter.d.ts' has not been built from source file 'D:/dev/treaty/apps/repl/src/app/utils/highlighter.ts'.
  The file is in the program because:
    Matched by include pattern 'src' in 'apps/repl/tsconfig.json'
error TS6305: Output file 'D:/dev/treaty/dist/out-tsc/apps/repl/src/app/utils/prettier.d.ts' has not been built from source file 'D:/dev/treaty/apps/repl/src/app/utils/prettier.ts'.
  The file is in the program because:
    Matched by include pattern 'src' in 'apps/repl/tsconfig.json'
error TS6305: Output file 'D:/dev/treaty/dist/out-tsc/apps/repl/src/main.d.ts' has not been built from source file 'D:/dev/treaty/apps/repl/src/main.ts'.
  The file is in the program because:
    Matched by include pattern 'src' in 'apps/repl/tsconfig.json'
error TS6305: Output file 'D:/dev/treaty/dist/out-tsc/apps/repl/src/tools/angular/buildOptimizerPlugin.d.ts' has not been built from source file 'D:/dev/treaty/apps/repl/src/tools/angular/buildOptimizerPlugin.ts'.
  The file is in the program because:
    Matched by include pattern 'src' in 'apps/repl/tsconfig.json'
error TS6305: Output file 'D:/dev/treaty/dist/out-tsc/apps/repl/src/tools/angular/buildPlugin.d.ts' has not been built from source file 'D:/dev/treaty/apps/repl/src/tools/angular/buildPlugin.ts'.
  The file is in the program because:
    Matched by include pattern 'src' in 'apps/repl/tsconfig.json'
error TS6305: Output file 'D:/dev/treaty/dist/out-tsc/apps/repl/src/tools/angular/configPlugin.d.ts' has not been built from source file 'D:/dev/treaty/apps/repl/src/tools/angular/configPlugin.ts'.
  The file is in the program because:
    Matched by include pattern 'src' in 'apps/repl/tsconfig.json'
error TS6305: Output file 'D:/dev/treaty/dist/out-tsc/apps/repl/src/tools/angular/devPlugin.d.ts' has not been built from source file 'D:/dev/treaty/apps/repl/src/tools/angular/devPlugin.ts'.
  The file is in the program because:
    Matched by include pattern 'src' in 'apps/repl/tsconfig.json'
error TS6305: Output file 'D:/dev/treaty/dist/out-tsc/apps/repl/src/tools/angular/dirImporterPlugin.d.ts' has not been built from source file 'D:/dev/treaty/apps/repl/src/tools/angular/dirImporterPlugin.ts'.
  The file is in the program because:
    Matched by include pattern 'src' in 'apps/repl/tsconfig.json'
error TS6305: Output file 'D:/dev/treaty/dist/out-tsc/apps/repl/src/tools/angular/index.d.ts' has not been built from source file 'D:/dev/treaty/apps/repl/src/tools/angular/index.ts'.
  The file is in the program because:
    Matched by include pattern 'src' in 'apps/repl/tsconfig.json'
error TS6305: Output file 'D:/dev/treaty/dist/out-tsc/apps/repl/src/tools/angular/requiresLinking.d.ts' has not been built from source file 'D:/dev/treaty/apps/repl/src/tools/angular/requiresLinking.ts'.
  The file is in the program because:
    Matched by include pattern 'src' in 'apps/repl/tsconfig.json'
error TS6305: Output file 'D:/dev/treaty/dist/out-tsc/apps/repl/src/tools/angular/swc/components.d.ts' has not been built from source file 'D:/dev/treaty/apps/repl/src/tools/angular/swc/components.ts'.
  The file is in the program because:
    Matched by include pattern 'src' in 'apps/repl/tsconfig.json'
error TS6305: Output file 'D:/dev/treaty/dist/out-tsc/apps/repl/src/tools/angular/swc/index.d.ts' has not been built from source file 'D:/dev/treaty/apps/repl/src/tools/angular/swc/index.ts'.
  The file is in the program because:
    Matched by include pattern 'src' in 'apps/repl/tsconfig.json'
error TS6305: Output file 'D:/dev/treaty/dist/out-tsc/apps/repl/src/tools/angular/swc/injector.d.ts' has not been built from source file 'D:/dev/treaty/apps/repl/src/tools/angular/swc/injector.ts'.
  The file is in the program because:
    Matched by include pattern 'src' in 'apps/repl/tsconfig.json'
error TS6305: Output file 'D:/dev/treaty/dist/out-tsc/apps/repl/src/tools/angular/utils/getGlobalObject.d.ts' has not been built from source file 'D:/dev/treaty/apps/repl/src/tools/angular/utils/getGlobalObject.ts'.
  The file is in the program because:
    Matched by include pattern 'src' in 'apps/repl/tsconfig.json'
error TS6305: Output file 'D:/dev/treaty/dist/out-tsc/apps/repl/src/tools/mock-zone.d.ts' has not been built from source file 'D:/dev/treaty/apps/repl/src/tools/mock-zone.ts'.
  The file is in the program because:
    Matched by include pattern 'src' in 'apps/repl/tsconfig.json'
error TS6305: Output file 'D:/dev/treaty/dist/out-tsc/apps/repl/src/tools/treaty-sfc/compiler.d.ts' has not been built from source file 'D:/dev/treaty/apps/repl/src/tools/treaty-sfc/compiler.ts'.
  The file is in the program because:
    Matched by include pattern 'src' in 'apps/repl/tsconfig.json'
error TS6305: Output file 'D:/dev/treaty/dist/out-tsc/apps/repl/src/tools/treaty-sfc/html/parser.d.ts' has not been built from source file 'D:/dev/treaty/apps/repl/src/tools/treaty-sfc/html/parser.ts'.
  The file is in the program because:
    Matched by include pattern 'src' in 'apps/repl/tsconfig.json'
error TS6305: Output file 'D:/dev/treaty/dist/out-tsc/apps/repl/src/tools/treaty-sfc/html/tokenizer.d.ts' has not been built from source file 'D:/dev/treaty/apps/repl/src/tools/treaty-sfc/html/tokenizer.ts'.
  The file is in the program because:
    Matched by include pattern 'src' in 'apps/repl/tsconfig.json'
error TS6305: Output file 'D:/dev/treaty/dist/out-tsc/apps/repl/src/tools/treaty-sfc/printer.d.ts' has not been built from source file 'D:/dev/treaty/apps/repl/src/tools/treaty-sfc/printer.ts'.
  The file is in the program because:
    Matched by include pattern 'src' in 'apps/repl/tsconfig.json'
error TS6305: Output file 'D:/dev/treaty/dist/out-tsc/apps/repl/src/tools/treaty-sfc/treat-to-ivy.d.ts' has not been built from source file 'D:/dev/treaty/apps/repl/src/tools/treaty-sfc/treat-to-ivy.ts'.
  The file is in the program because:
    Matched by include pattern 'src' in 'apps/repl/tsconfig.json'
error TS6305: Output file 'D:/dev/treaty/dist/out-tsc/apps/repl/src/tools/treaty-sfc/treaty/lexer.d.ts' has not been built from source file 'D:/dev/treaty/apps/repl/src/tools/treaty-sfc/treaty/lexer.ts'.
  The file is in the program because:
    Matched by include pattern 'src' in 'apps/repl/tsconfig.json'
error TS6305: Output file 'D:/dev/treaty/dist/out-tsc/apps/repl/src/tools/treaty-sfc/treaty/parser.d.ts' has not been built from source file 'D:/dev/treaty/apps/repl/src/tools/treaty-sfc/treaty/parser.ts'.
  The file is in the program because:
    Matched by include pattern 'src' in 'apps/repl/tsconfig.json'
error TS6305: Output file 'D:/dev/treaty/dist/out-tsc/apps/repl/src/tools/treaty-sfc/treaty/token.d.ts' has not been built from source file 'D:/dev/treaty/apps/repl/src/tools/treaty-sfc/treaty/token.ts'.
  The file is in the program because:
    Matched by include pattern 'src' in 'apps/repl/tsconfig.json'
apps/repl/tsconfig.json(4,3): error TS6304: Composite projects may not disable declaration emit.
apps/repl/tsconfig.json(24,5): error TS6310: Referenced project 'D:/dev/treaty/apps/repl/tsconfig.app.json' may not disable emit.
apps/repl/tsconfig.json(27,5): error TS6310: Referenced project 'D:/dev/treaty/apps/repl/tsconfig.spec.json' may not disable emit.
