info: syncing channel updates for 1.95.0-x86_64-pc-windows-msvc
info: latest update on 2026-04-16 for version 1.95.0 (59807616e 2026-04-14)
info: downloading 6 components
warning: rust_authoring v0.1.0 (D:\dev\treaty\apps\rust\authoring) ignoring invalid dependency `cargo-watch` which is missing a lib target
   Compiling syn v2.0.117
   Compiling serde_derive v1.0.228
   Compiling thiserror-impl v2.0.18
   Compiling oxc-miette-derive v2.7.1
   Compiling oxc_ast_macros v0.133.0
   Compiling phf_macros v0.13.1
    Checking phf v0.13.1
    Checking thiserror v2.0.18
    Checking oxc-miette v2.7.1
    Checking cobs v0.3.0
    Checking oxc_diagnostics v0.133.0
    Checking serde v1.0.228
    Checking smallvec v1.15.1
    Checking oxc_index v4.1.0
    Checking postcard v1.1.3
    Checking oxc_sourcemap v6.1.1
    Checking ropey v1.6.1
    Checking oxc-browserslist v3.0.4
    Checking oxc_data_structures v0.133.0
    Checking oxc_allocator v0.133.0
    Checking oxc_str v0.133.0
    Checking oxc_span v0.133.0
    Checking oxc_syntax v0.133.0
    Checking oxc_regular_expression v0.133.0
    Checking oxc_compat v0.133.0
    Checking oxc_ast v0.133.0
    Checking oxc_ecmascript v0.133.0
    Checking oxc_ast_visit v0.133.0
    Checking oxc_parser v0.133.0
    Checking oxc_semantic v0.133.0
    Checking oxc_traverse v0.133.0
    Checking oxc_codegen v0.133.0
    Checking oxc v0.133.0
    Checking oxc_transformer v0.133.0
    Checking rust_authoring v0.1.0 (D:\dev\treaty\apps\rust\authoring)
warning: unused variable: `ch`
   --> apps\rust\authoring\src\treaty\lexer.rs:352:24
    |
352 |         while let Some(ch) = self.current_char {
    |                        ^^ help: if this is intentional, prefix it with an underscore: `_ch`
    |
    = note: `#[warn(unused_variables)]` (part of `#[warn(unused)]`) on by default

warning: unused variable: `ch`
   --> apps\rust\authoring\src\treaty\lexer.rs:364:24
    |
364 |         while let Some(ch) = self.current_char {
    |                        ^^ help: if this is intentional, prefix it with an underscore: `_ch`

warning: field `0` is never read
 --> apps\rust\authoring\src\treaty\ast.rs:3:16
  |
3 |     JavaScript(String),
  |     ---------- ^^^^^^
  |     |
  |     field in this variant
  |
  = note: `AstNode` has derived impls for the traits `Clone` and `Debug`, but these are intentionally ignored during dead code analysis
  = note: `#[warn(dead_code)]` (part of `#[warn(unused)]`) on by default
help: consider changing the field to be of unit type to suppress this warning while preserving the field numbering, or remove the field
  |
3 -     JavaScript(String),
3 +     JavaScript(()),
  |

warning: field `0` is never read
 --> apps\rust\authoring\src\treaty\ast.rs:4:11
  |
4 |     Style(String),
  |     ----- ^^^^^^
  |     |
  |     field in this variant
  |
  = note: `AstNode` has derived impls for the traits `Clone` and `Debug`, but these are intentionally ignored during dead code analysis
help: consider changing the field to be of unit type to suppress this warning while preserving the field numbering, or remove the field
  |
4 -     Style(String),
4 +     Style(()),
  |

warning: field `0` is never read
 --> apps\rust\authoring\src\treaty\ast.rs:5:10
  |
5 |     Html(String),
  |     ---- ^^^^^^
  |     |
  |     field in this variant
  |
  = note: `AstNode` has derived impls for the traits `Clone` and `Debug`, but these are intentionally ignored during dead code analysis
help: consider changing the field to be of unit type to suppress this warning while preserving the field numbering, or remove the field
  |
5 -     Html(String),
5 +     Html(()),
  |

warning: field `0` is never read
 --> apps\rust\authoring\src\treaty\ast.rs:6:24
  |
6 |     TemplateExpression(String),
  |     ------------------ ^^^^^^
  |     |
  |     field in this variant
  |
  = note: `AstNode` has derived impls for the traits `Clone` and `Debug`, but these are intentionally ignored during dead code analysis
help: consider changing the field to be of unit type to suppress this warning while preserving the field numbering, or remove the field
  |
6 -     TemplateExpression(String),
6 +     TemplateExpression(()),
  |

warning: field `0` is never read
 --> apps\rust\authoring\src\treaty\ast.rs:7:17
  |
7 |     ControlFlow(String),
  |     ----------- ^^^^^^
  |     |
  |     field in this variant
  |
  = note: `AstNode` has derived impls for the traits `Clone` and `Debug`, but these are intentionally ignored during dead code analysis
help: consider changing the field to be of unit type to suppress this warning while preserving the field numbering, or remove the field
  |
7 -     ControlFlow(String),
7 +     ControlFlow(()),
  |

warning: field `nodes` is never read
  --> apps\rust\authoring\src\treaty\ast.rs:13:9
   |
12 | pub struct Ast {
   |            --- field in this struct
13 |     pub nodes: Vec<AstNode>,
   |         ^^^^^
   |
   = note: `Ast` has derived impls for the traits `Clone` and `Debug`, but these are intentionally ignored during dead code analysis

warning: `rust_authoring` (bin "rust_authoring") generated 8 warnings (run `cargo fix --bin "rust_authoring" -p rust_authoring` to apply 2 suggestions)
    Finished `dev` profile [unoptimized + debuginfo] target(s) in 23.73s
