warning: rust_authoring v0.1.0 (D:\dev\treaty\apps\rust\authoring) ignoring invalid dependency `cargo-watch` which is missing a lib target
   Compiling unicode-segmentation v1.13.2
   Compiling phf_shared v0.13.1
   Compiling hashbrown v0.17.1
   Compiling oxc_estree v0.133.0
   Compiling serde_core v1.0.228
   Compiling percent-encoding v2.3.2
   Compiling typenum v1.20.1
   Compiling compact_str v0.9.1
   Compiling dragonbox_ecma v0.1.12
   Compiling thiserror v2.0.18
   Compiling simd-adler32 v0.3.9
   Compiling adler2 v2.0.1
   Compiling crc32fast v1.5.0
   Compiling itertools v0.14.0
   Compiling self_cell v1.2.2
   Compiling const-oid v0.10.2
   Compiling phf v0.13.1
   Compiling phf_generator v0.13.1
   Compiling oxc-miette v2.7.1
   Compiling cobs v0.3.0
   Compiling cpufeatures v0.3.0
   Compiling json-escape-simd v3.0.2
   Compiling convert_case v0.6.0
   Compiling miniz_oxide v0.8.9
   Compiling indexmap v2.14.0
   Compiling phf v0.11.3
   Compiling regex v1.12.3
   Compiling oxc_ast_macros v0.133.0
   Compiling napi v2.16.17
   Compiling phf_macros v0.13.1
   Compiling napi-derive-backend v1.0.75
   Compiling hybrid-array v0.4.12
   Compiling flate2 v1.1.9
   Compiling oxc_diagnostics v0.133.0
   Compiling crypto-common v0.2.2
   Compiling block-buffer v0.12.0
   Compiling serde v1.0.228
   Compiling serde_json v1.0.150
   Compiling napi-derive v2.16.13
   Compiling digest v0.11.3
   Compiling sha1 v0.11.0
   Compiling smallvec v1.15.1
   Compiling oxc_index v4.1.0
   Compiling postcard v1.1.3
   Compiling ropey v1.6.1
   Compiling oxc-browserslist v3.0.4
   Compiling oxc_sourcemap v6.1.1
   Compiling oxc_data_structures v0.133.0
   Compiling oxc_allocator v0.133.0
   Compiling authoring_node v0.1.0 (D:\dev\treaty\libs\authoring\node)
   Compiling oxc_str v0.133.0
   Compiling oxc_span v0.133.0
   Compiling oxc_syntax v0.133.0
   Compiling oxc_regular_expression v0.133.0
   Compiling oxc_compat v0.133.0
   Compiling oxc_ast v0.133.0
   Compiling oxc_ecmascript v0.133.0
   Compiling oxc_ast_visit v0.133.0
   Compiling oxc_semantic v0.133.0
   Compiling oxc_parser v0.133.0
   Compiling oxc_traverse v0.133.0
   Compiling oxc_codegen v0.133.0
   Compiling oxc v0.133.0
   Compiling oxc_transformer v0.133.0
   Compiling rust_authoring v0.1.0 (D:\dev\treaty\apps\rust\authoring)
warning: unused variable: `injectable_options`
   --> apps\rust\authoring\src\angular\transformers\dependency.rs:164:9
    |
164 |         injectable_options: Option<&InjectableOptions>,
    |         ^^^^^^^^^^^^^^^^^^ help: if this is intentional, prefix it with an underscore: `_injectable_options`
    |
    = note: `#[warn(unused_variables)]` (part of `#[warn(unused)]`) on by default

warning: unused variable: `ch`
   --> apps\rust\authoring\src\treaty\lexer.rs:352:24
    |
352 |         while let Some(ch) = self.current_char {
    |                        ^^ help: if this is intentional, prefix it with an underscore: `_ch`

warning: unused variable: `ch`
   --> apps\rust\authoring\src\treaty\lexer.rs:364:24
    |
364 |         while let Some(ch) = self.current_char {
    |                        ^^ help: if this is intentional, prefix it with an underscore: `_ch`

warning: type `ValueSansProvider` is more private than the item `InjectableProvider::Value::0`
  --> apps\rust\authoring\src\angular\decorators\injectable.rs:6:11
   |
 6 |     Value(ValueSansProvider),
   |           ^^^^^^^^^^^^^^^^^ field `InjectableProvider::Value::0` is reachable at visibility `pub`
   |
note: but type `ValueSansProvider` is only usable at visibility `pub(self)`
  --> apps\rust\authoring\src\angular\decorators\injectable.rs:22:1
   |
22 | struct ValueSansProvider {
   | ^^^^^^^^^^^^^^^^^^^^^^^^
   = note: `#[warn(private_interfaces)]` on by default

warning: type `ExistingSansProvider` is more private than the item `InjectableProvider::Existing::0`
  --> apps\rust\authoring\src\angular\decorators\injectable.rs:7:14
   |
 7 |     Existing(ExistingSansProvider),
   |              ^^^^^^^^^^^^^^^^^^^^ field `InjectableProvider::Existing::0` is reachable at visibility `pub`
   |
note: but type `ExistingSansProvider` is only usable at visibility `pub(self)`
  --> apps\rust\authoring\src\angular\decorators\injectable.rs:26:1
   |
26 | struct ExistingSansProvider {
   | ^^^^^^^^^^^^^^^^^^^^^^^^^^^

warning: type `StaticClassSansProvider` is more private than the item `InjectableProvider::StaticClass::0`
  --> apps\rust\authoring\src\angular\decorators\injectable.rs:8:17
   |
 8 |     StaticClass(StaticClassSansProvider),
   |                 ^^^^^^^^^^^^^^^^^^^^^^^ field `InjectableProvider::StaticClass::0` is reachable at visibility `pub`
   |
note: but type `StaticClassSansProvider` is only usable at visibility `pub(self)`
  --> apps\rust\authoring\src\angular\decorators\injectable.rs:30:1
   |
30 | struct StaticClassSansProvider {
   | ^^^^^^^^^^^^^^^^^^^^^^^^^^^^^^

warning: type `ConstructorSansProvider` is more private than the item `InjectableProvider::Constructor::0`
  --> apps\rust\authoring\src\angular\decorators\injectable.rs:9:17
   |
 9 |     Constructor(ConstructorSansProvider),
   |                 ^^^^^^^^^^^^^^^^^^^^^^^ field `InjectableProvider::Constructor::0` is reachable at visibility `pub`
   |
note: but type `ConstructorSansProvider` is only usable at visibility `pub(self)`
  --> apps\rust\authoring\src\angular\decorators\injectable.rs:35:1
   |
35 | struct ConstructorSansProvider {
   | ^^^^^^^^^^^^^^^^^^^^^^^^^^^^^^

warning: type `FactorySansProvider` is more private than the item `InjectableProvider::Factory::0`
  --> apps\rust\authoring\src\angular\decorators\injectable.rs:10:13
   |
10 |     Factory(FactorySansProvider),
   |             ^^^^^^^^^^^^^^^^^^^ field `InjectableProvider::Factory::0` is reachable at visibility `pub`
   |
note: but type `FactorySansProvider` is only usable at visibility `pub(self)`
  --> apps\rust\authoring\src\angular\decorators\injectable.rs:38:1
   |
38 | struct FactorySansProvider {
   | ^^^^^^^^^^^^^^^^^^^^^^^^^^

warning: type `ClassSansProvider` is more private than the item `InjectableProvider::Class::0`
  --> apps\rust\authoring\src\angular\decorators\injectable.rs:11:11
   |
11 |     Class(ClassSansProvider),
   |           ^^^^^^^^^^^^^^^^^ field `InjectableProvider::Class::0` is reachable at visibility `pub`
   |
note: but type `ClassSansProvider` is only usable at visibility `pub(self)`
  --> apps\rust\authoring\src\angular\decorators\injectable.rs:51:1
   |
51 | struct ClassSansProvider {
   | ^^^^^^^^^^^^^^^^^^^^^^^^

warning: enum `Identifier` is never used
 --> apps\rust\authoring\src\angular\runtime.rs:7:10
  |
7 | pub enum Identifier {
  |          ^^^^^^^^^^
  |
  = note: `#[warn(dead_code)]` (part of `#[warn(unused)]`) on by default

warning: method `imported` is never used
  --> apps\rust\authoring\src\angular\runtime.rs:28:12
   |
27 | impl Identifier {
   | --------------- method in this implementation
28 |     pub fn imported<OpaqueT>(self) -> (String, String) {
   |            ^^^^^^^^

warning: method `error` is never used
  --> apps\rust\authoring\src\angular\context.rs:27:8
   |
14 | pub trait AngularContext<'a> {
   |           -------------- method in this trait
...
27 |     fn error<T: Into<Error>>(&mut self, error: T);
   |        ^^^^^

warning: field `use_value` is never read
  --> apps\rust\authoring\src\angular\decorators\injectable.rs:23:5
   |
22 | struct ValueSansProvider {
   |        ----------------- field in this struct
23 |     use_value: Box<dyn Any>,
   |     ^^^^^^^^^
   |
   = note: `ValueSansProvider` has a derived impl for the trait `Debug`, but this is intentionally ignored during dead code analysis

warning: field `use_existing` is never read
  --> apps\rust\authoring\src\angular\decorators\injectable.rs:27:5
   |
26 | struct ExistingSansProvider {
   |        -------------------- field in this struct
27 |     use_existing: Box<dyn Any>,
   |     ^^^^^^^^^^^^
   |
   = note: `ExistingSansProvider` has a derived impl for the trait `Debug`, but this is intentionally ignored during dead code analysis

warning: fields `use_class` and `deps` are never read
  --> apps\rust\authoring\src\angular\decorators\injectable.rs:31:5
   |
30 | struct StaticClassSansProvider {
   |        ----------------------- fields in this struct
31 |     use_class: Box<dyn Any>,
   |     ^^^^^^^^^
32 |     deps: Vec<Box<dyn Any>>,
   |     ^^^^
   |
   = note: `StaticClassSansProvider` has a derived impl for the trait `Debug`, but this is intentionally ignored during dead code analysis

warning: field `deps` is never read
  --> apps\rust\authoring\src\angular\decorators\injectable.rs:36:5
   |
35 | struct ConstructorSansProvider {
   |        ----------------------- field in this struct
36 |     deps: Option<Vec<Box<dyn Any>>>,
   |     ^^^^
   |
   = note: `ConstructorSansProvider` has a derived impl for the trait `Debug`, but this is intentionally ignored during dead code analysis

warning: field `use_factory` is never read
  --> apps\rust\authoring\src\angular\decorators\injectable.rs:39:5
   |
38 | struct FactorySansProvider {
   |        ------------------- field in this struct
39 |     use_factory: Box<dyn Fn(Vec<Box<dyn Any>>) -> Box<dyn Any>>,
   |     ^^^^^^^^^^^

warning: field `use_class` is never read
  --> apps\rust\authoring\src\angular\decorators\injectable.rs:52:5
   |
51 | struct ClassSansProvider {
   |        ----------------- field in this struct
52 |     use_class: Box<dyn Any>,
   |     ^^^^^^^^^
   |
   = note: `ClassSansProvider` has a derived impl for the trait `Debug`, but this is intentionally ignored during dead code analysis

warning: field `nodes` is never read
  --> apps\rust\authoring\src\angular\transformers\dependency.rs:13:5
   |
11 | pub struct DependencyInjection<'a> {
   |            ------------------- field in this struct
12 |     ast: Rc<AstBuilder<'a>>,
13 |     nodes: oxc_allocator::Vec<'a, AstKind<'a>>,
   |     ^^^^^

warning: field `nodes` is never read
  --> apps\rust\authoring\src\angular\transformers\injectable.rs:13:5
   |
11 | pub struct InjectableCreator<'a> {
   |            ----------------- field in this struct
12 |     ast: Rc<AstBuilder<'a>>,
13 |     nodes: oxc_allocator::Vec<'a, AstKind<'a>>,
   |     ^^^^^

warning: `rust_authoring` (lib) generated 20 warnings (run `cargo fix --lib -p rust_authoring` to apply 3 suggestions)
    Finished `dev` profile [unoptimized + debuginfo] target(s) in 43.60s
