warning: rust_authoring v0.1.0 (D:\dev\treaty\apps\rust\authoring) ignoring invalid dependency `cargo-watch` which is missing a lib target
    Checking rust_authoring v0.1.0 (D:\dev\treaty\apps\rust\authoring)
warning: unused import: `oxc::syntax::class`
 --> apps\rust\authoring\src\angular\transformers\injectable.rs:6:5
  |
6 | use oxc::syntax::class;
  |     ^^^^^^^^^^^^^^^^^^
  |
  = note: `#[warn(unused_imports)]` (part of `#[warn(unused)]`) on by default

warning: unused variable: `injectable_options`
   --> apps\rust\authoring\src\angular\transformers\dependency.rs:164:9
    |
164 |         injectable_options: Option<&InjectableOptions>,
    |         ^^^^^^^^^^^^^^^^^^ help: if this is intentional, prefix it with an underscore: `_injectable_options`
    |
    = note: `#[warn(unused_variables)]` (part of `#[warn(unused)]`) on by default

warning: unused variable: `ch`
   --> apps\rust\authoring\src\treaty\lexer.rs:352:24
    |
352 |         while let Some(ch) = self.current_char {
    |                        ^^ help: if this is intentional, prefix it with an underscore: `_ch`

warning: unused variable: `ch`
   --> apps\rust\authoring\src\treaty\lexer.rs:364:24
    |
364 |         while let Some(ch) = self.current_char {
    |                        ^^ help: if this is intentional, prefix it with an underscore: `_ch`

warning: type `ValueSansProvider` is more private than the item `InjectableProvider::Value::0`
  --> apps\rust\authoring\src\angular\decorators\injectable.rs:6:11
   |
 6 |     Value(ValueSansProvider),
   |           ^^^^^^^^^^^^^^^^^ field `InjectableProvider::Value::0` is reachable at visibility `pub`
   |
note: but type `ValueSansProvider` is only usable at visibility `pub(self)`
  --> apps\rust\authoring\src\angular\decorators\injectable.rs:22:1
   |
22 | struct ValueSansProvider {
   | ^^^^^^^^^^^^^^^^^^^^^^^^
   = note: `#[warn(private_interfaces)]` on by default

warning: type `ExistingSansProvider` is more private than the item `InjectableProvider::Existing::0`
  --> apps\rust\authoring\src\angular\decorators\injectable.rs:7:14
   |
 7 |     Existing(ExistingSansProvider),
   |              ^^^^^^^^^^^^^^^^^^^^ field `InjectableProvider::Existing::0` is reachable at visibility `pub`
   |
note: but type `ExistingSansProvider` is only usable at visibility `pub(self)`
  --> apps\rust\authoring\src\angular\decorators\injectable.rs:26:1
   |
26 | struct ExistingSansProvider {
   | ^^^^^^^^^^^^^^^^^^^^^^^^^^^

warning: type `StaticClassSansProvider` is more private than the item `InjectableProvider::StaticClass::0`
  --> apps\rust\authoring\src\angular\decorators\injectable.rs:8:17
   |
 8 |     StaticClass(StaticClassSansProvider),
   |                 ^^^^^^^^^^^^^^^^^^^^^^^ field `InjectableProvider::StaticClass::0` is reachable at visibility `pub`
   |
note: but type `StaticClassSansProvider` is only usable at visibility `pub(self)`
  --> apps\rust\authoring\src\angular\decorators\injectable.rs:30:1
   |
30 | struct StaticClassSansProvider {
   | ^^^^^^^^^^^^^^^^^^^^^^^^^^^^^^

warning: type `ConstructorSansProvider` is more private than the item `InjectableProvider::Constructor::0`
  --> apps\rust\authoring\src\angular\decorators\injectable.rs:9:17
   |
 9 |     Constructor(ConstructorSansProvider),
   |                 ^^^^^^^^^^^^^^^^^^^^^^^ field `InjectableProvider::Constructor::0` is reachable at visibility `pub`
   |
note: but type `ConstructorSansProvider` is only usable at visibility `pub(self)`
  --> apps\rust\authoring\src\angular\decorators\injectable.rs:35:1
   |
35 | struct ConstructorSansProvider {
   | ^^^^^^^^^^^^^^^^^^^^^^^^^^^^^^

warning: type `FactorySansProvider` is more private than the item `InjectableProvider::Factory::0`
  --> apps\rust\authoring\src\angular\decorators\injectable.rs:10:13
   |
10 |     Factory(FactorySansProvider),
   |             ^^^^^^^^^^^^^^^^^^^ field `InjectableProvider::Factory::0` is reachable at visibility `pub`
   |
note: but type `FactorySansProvider` is only usable at visibility `pub(self)`
  --> apps\rust\authoring\src\angular\decorators\injectable.rs:38:1
   |
38 | struct FactorySansProvider {
   | ^^^^^^^^^^^^^^^^^^^^^^^^^^

warning: type `ClassSansProvider` is more private than the item `InjectableProvider::Class::0`
  --> apps\rust\authoring\src\angular\decorators\injectable.rs:11:11
   |
11 |     Class(ClassSansProvider),
   |           ^^^^^^^^^^^^^^^^^ field `InjectableProvider::Class::0` is reachable at visibility `pub`
   |
note: but type `ClassSansProvider` is only usable at visibility `pub(self)`
  --> apps\rust\authoring\src\angular\decorators\injectable.rs:51:1
   |
51 | struct ClassSansProvider {
   | ^^^^^^^^^^^^^^^^^^^^^^^^

warning: enum `Identifier` is never used
 --> apps\rust\authoring\src\angular\runtime.rs:7:10
  |
7 | pub enum Identifier {
  |          ^^^^^^^^^^
  |
  = note: `#[warn(dead_code)]` (part of `#[warn(unused)]`) on by default

warning: method `imported` is never used
  --> apps\rust\authoring\src\angular\runtime.rs:28:12
   |
27 | impl Identifier {
   | --------------- method in this implementation
28 |     pub fn imported<OpaqueT>(self) -> (String, String) {
   |            ^^^^^^^^

warning: method `error` is never used
  --> apps\rust\authoring\src\angular\context.rs:27:8
   |
14 | pub trait AngularContext<'a> {
   |           -------------- method in this trait
...
27 |     fn error<T: Into<Error>>(&mut self, error: T);
   |        ^^^^^

warning: field `use_value` is never read
  --> apps\rust\authoring\src\angular\decorators\injectable.rs:23:5
   |
22 | struct ValueSansProvider {
   |        ----------------- field in this struct
23 |     use_value: Box<dyn Any>,
   |     ^^^^^^^^^
   |
   = note: `ValueSansProvider` has a derived impl for the trait `Debug`, but this is intentionally ignored during dead code analysis

warning: field `use_existing` is never read
  --> apps\rust\authoring\src\angular\decorators\injectable.rs:27:5
   |
26 | struct ExistingSansProvider {
   |        -------------------- field in this struct
27 |     use_existing: Box<dyn Any>,
   |     ^^^^^^^^^^^^
   |
   = note: `ExistingSansProvider` has a derived impl for the trait `Debug`, but this is intentionally ignored during dead code analysis

warning: fields `use_class` and `deps` are never read
  --> apps\rust\authoring\src\angular\decorators\injectable.rs:31:5
   |
30 | struct StaticClassSansProvider {
   |        ----------------------- fields in this struct
31 |     use_class: Box<dyn Any>,
   |     ^^^^^^^^^
32 |     deps: Vec<Box<dyn Any>>,
   |     ^^^^
   |
   = note: `StaticClassSansProvider` has a derived impl for the trait `Debug`, but this is intentionally ignored during dead code analysis

warning: field `deps` is never read
  --> apps\rust\authoring\src\angular\decorators\injectable.rs:36:5
   |
35 | struct ConstructorSansProvider {
   |        ----------------------- field in this struct
36 |     deps: Option<Vec<Box<dyn Any>>>,
   |     ^^^^
   |
   = note: `ConstructorSansProvider` has a derived impl for the trait `Debug`, but this is intentionally ignored during dead code analysis

warning: field `use_factory` is never read
  --> apps\rust\authoring\src\angular\decorators\injectable.rs:39:5
   |
38 | struct FactorySansProvider {
   |        ------------------- field in this struct
39 |     use_factory: Box<dyn Fn(Vec<Box<dyn Any>>) -> Box<dyn Any>>,
   |     ^^^^^^^^^^^

warning: field `use_class` is never read
  --> apps\rust\authoring\src\angular\decorators\injectable.rs:52:5
   |
51 | struct ClassSansProvider {
   |        ----------------- field in this struct
52 |     use_class: Box<dyn Any>,
   |     ^^^^^^^^^
   |
   = note: `ClassSansProvider` has a derived impl for the trait `Debug`, but this is intentionally ignored during dead code analysis

warning: field `nodes` is never read
  --> apps\rust\authoring\src\angular\transformers\dependency.rs:13:5
   |
11 | pub struct DependencyInjection<'a> {
   |            ------------------- field in this struct
12 |     ast: Rc<AstBuilder<'a>>,
13 |     nodes: oxc_allocator::Vec<'a, AstKind<'a>>,
   |     ^^^^^

warning: field `nodes` is never read
  --> apps\rust\authoring\src\angular\transformers\injectable.rs:14:5
   |
12 | pub struct InjectableCreator<'a> {
   |            ----------------- field in this struct
13 |     ast: Rc<AstBuilder<'a>>,
14 |     nodes: oxc_allocator::Vec<'a, AstKind<'a>>,
   |     ^^^^^

warning: `rust_authoring` (lib) generated 21 warnings (run `cargo fix --lib -p rust_authoring` to apply 4 suggestions)
    Finished `dev` profile [unoptimized + debuginfo] target(s) in 2.14s
