bun install v1.4.0-canary.1 (7e4084476)
Resolving dependencies
Resolved, downloaded and extracted [2188]
62 |     "@swc/core": "~1.3.85",
         ^
warn: Duplicate dependency: "@swc/core" specified in package.json
   at D:/dev/treaty/package.json:62:5

37 |     "@swc/core": "1.4.1",
                      ^
note: "@swc/core" originally specified here
   at D:/dev/treaty/package.json:37:18

72 |     "@volar/language-server": "~2.4.0",
         ^
warn: Duplicate dependency: "@volar/language-server" specified in package.json
   at D:/dev/treaty/package.json:72:5

14 |     "@volar/language-server": "~2.4.0",
                                   ^
note: "@volar/language-server" originally specified here
   at D:/dev/treaty/package.json:14:31

warn: incorrect peer dependency "jest@29.7.0"

warn: incorrect peer dependency "jsdom@22.1.0"

error: No version matching "~7.3.34" found for specifier "vite" (but package exists)
error: vite@~7.3.34 failed to resolve
