    Checking render3 v0.1.0 (D:\dev\treaty\libs\render3)
warning: unused import: `Program`
  --> libs\render3\src\output\emitter.rs:37:54
   |
37 |     LogicalOperator, NumberBase, ObjectPropertyKind, Program, PropertyKey, PropertyKind,
   |                                                      ^^^^^^^
   |
   = note: `#[warn(unused_imports)]` (part of `#[warn(unused)]`) on by default

error[E0277]: the trait bound `Option<Box<'_, FormalParameterRest<'_>>>: FromIn<'_, Option<...>>` is not satisfied
    --> libs\render3\src\output\emitter.rs:257:13
     |
 253 |         self.ast.alloc_formal_parameters(
     |                  ----------------------- required by a bound introduced by this call
...
 257 |             None::<oxc_allocator::Box<'a, oxc_ast::ast::BindingRestElement<'a>>>,
     |             ^^^^^^^^^^^^^^^^^^^^^^^^^^^^^^^^^^^^^^^^^^^^^^^^^^^^^^^^^^^^^^^^^^^^ unsatisfied trait bound
     |
     = help: the trait `FromIn<'_, Option<oxc_allocator::Box<'_, oxc_ast::ast::BindingRestElement<'_>>>>` is not implemented for `Option<oxc_allocator::Box<'_, oxc_ast::ast::FormalParameterRest<'_>>>`
help: the following other types implement trait `FromIn<'a, T>`
    --> C:\Users\Jordan\.cargo\registry\src\index.crates.io-1949cf8c6b5b557f\oxc_ast-0.133.0\src\ast_builder_impl.rs:15:1
     |
  15 | impl<'a, T> FromIn<'a, NONE> for Option<Box<'a, T>> {
     | ^^^^^^^^^^^^^^^^^^^^^^^^^^^^^^^^^^^^^^^^^^^^^^^^^^^ `Option<oxc_allocator::Box<'_, T>>` implements `FromIn<'_, NONE>`
     |
    ::: C:\Users\Jordan\.cargo\registry\src\index.crates.io-1949cf8c6b5b557f\oxc_allocator-0.133.0\src\convert.rs:57:1
     |
  57 | impl<'a, T> FromIn<'a, Option<T>> for Option<Box<'a, T>> {
     | ^^^^^^^^^^^^^^^^^^^^^^^^^^^^^^^^^^^^^^^^^^^^^^^^^^^^^^^^ `Option<oxc_allocator::Box<'_, T>>` implements `FromIn<'_, Option<T>>`
     = note: required for `Option<oxc_allocator::Box<'_, oxc_ast::ast::BindingRestElement<'_>>>` to implement `IntoIn<'_, Option<oxc_allocator::Box<'_, oxc_ast::ast::FormalParameterRest<'_>>>>`
note: required by a bound in `oxc_ast::generated::ast_builder::<impl AstBuilder<'a>>::alloc_formal_parameters`
    --> C:\Users\Jordan\.cargo\registry\src\index.crates.io-1949cf8c6b5b557f\oxc_ast-0.133.0\src\generated\ast_builder.rs:6295:13
     |
6287 |     pub fn alloc_formal_parameters<T1>(
     |            ----------------------- required by a bound in this associated function
...
6295 |         T1: IntoIn<'a, Option<Box<'a, FormalParameterRest<'a>>>>,
     |             ^^^^^^^^^^^^^^^^^^^^^^^^^^^^^^^^^^^^^^^^^^^^^^^^^^^^ required by this bound in `oxc_ast::generated::ast_builder::<impl AstBuilder<'a>>::alloc_formal_parameters`
     = note: the full name for the type has been written to 'D:\dev\treaty\target\debug\deps\render3-bc8c58d326714fa0.long-type-5140917372831675745.txt'
     = note: consider using `--verbose` to print the full type name to the console

error[E0308]: mismatched types
    --> libs\render3\src\output\emitter.rs:529:69
     |
 529 |                 self.ast.object_property_kind_spread_property(SPAN, spread)
     |                          ------------------------------------       ^^^^^^ expected `Expression<'_>`, found `Box<'_, SpreadElement<'_>>`
     |                          |
     |                          arguments to this method are incorrect
     |
     = note: expected enum `oxc_ast::ast::Expression<'_>`
              found struct `oxc_allocator::Box<'_, oxc_ast::ast::SpreadElement<'_>>`
note: method defined here
    --> C:\Users\Jordan\.cargo\registry\src\index.crates.io-1949cf8c6b5b557f\oxc_ast-0.133.0\src\generated\ast_builder.rs:1623:12
     |
1623 |     pub fn object_property_kind_spread_property(
     |            ^^^^^^^^^^^^^^^^^^^^^^^^^^^^^^^^^^^^

Some errors have detailed explanations: E0277, E0308.
For more information about an error, try `rustc --explain E0277`.
warning: `render3` (lib) generated 1 warning
error: could not compile `render3` (lib) due to 2 previous errors; 1 warning emitted
