   Compiling render3 v0.1.0 (D:\dev\treaty\libs\render3)
warning: method `is_interpolated_text` is never used
   --> libs\render3\src\ml_parser.rs:627:8
    |
626 | impl Token {
    | ---------- method in this implementation
627 |     fn is_interpolated_text(&self) -> bool {
    |        ^^^^^^^^^^^^^^^^^^^^
    |
    = note: `#[warn(dead_code)]` (part of `#[warn(unused)]`) on by default

warning: constant `BSPACE` is never used
   --> libs\render3\src\ml_parser.rs:237:15
    |
237 |     pub const BSPACE: u32 = 8;
    |               ^^^^^^

warning: constant `VTAB` is never used
   --> libs\render3\src\ml_parser.rs:240:15
    |
240 |     pub const VTAB: u32 = 11;
    |               ^^^^

warning: constant `FF` is never used
   --> libs\render3\src\ml_parser.rs:241:15
    |
241 |     pub const FF: u32 = 12;
    |               ^^

warning: constant `D7` is never used
   --> libs\render3\src\ml_parser.rs:263:15
    |
263 |     pub const D7: u32 = 55;
    |               ^^

warning: constant `B_LO` is never used
   --> libs\render3\src\ml_parser.rs:277:15
    |
277 |     pub const B_LO: u32 = 98;
    |               ^^^^

warning: constant `N_LO` is never used
   --> libs\render3\src\ml_parser.rs:279:15
    |
279 |     pub const N_LO: u32 = 110;
    |               ^^^^

warning: constant `R_LO` is never used
   --> libs\render3\src\ml_parser.rs:280:15
    |
280 |     pub const R_LO: u32 = 114;
    |               ^^^^

warning: constant `T_LO` is never used
   --> libs\render3\src\ml_parser.rs:281:15
    |
281 |     pub const T_LO: u32 = 116;
    |               ^^^^

warning: constant `U_LO` is never used
   --> libs\render3\src\ml_parser.rs:282:15
    |
282 |     pub const U_LO: u32 = 117;
    |               ^^^^

warning: constant `V_LO` is never used
   --> libs\render3\src\ml_parser.rs:283:15
    |
283 |     pub const V_LO: u32 = 118;
    |               ^^^^

warning: function `is_octal_digit` is never used
   --> libs\render3\src\ml_parser.rs:309:12
    |
309 |     pub fn is_octal_digit(code: u32) -> bool {
    |            ^^^^^^^^^^^^^^

warning: `render3` (lib) generated 12 warnings
warning: `render3` (lib test) generated 12 warnings (12 duplicates)
    Finished `test` profile [unoptimized + debuginfo] target(s) in 6.36s
     Running unittests src\lib.rs (target\debug\deps\render3-d32051992f90260f.exe)

running 165 tests
test binder::tests::empty_target_panics - should panic ... ok
test expression::ast::tests::assignment_operation_strings ... ok
test expression::ast::tests::ast_with_source_derived_spans_some ... ok
test expression::ast::tests::conditional_visit_order ... ok
test expression::ast::tests::ast_with_source_visit_forwards ... ok
test expression::ast::tests::binary_operation_round_trip ... ok
test binder::tests::top_level_ref_has_no_defining_template ... ok
test expression::ast::tests::call_visit_order_receiver_then_args ... ok
test binder::tests::local_ref_on_plain_element_resolves_to_element ... ok
test binder::tests::pipe_eager_vs_deferred_tracking ... ok
test binder::tests::input_binding_ownership_selector_mode ... ok
test binder::tests::unmatched_input_is_owned_by_the_element ... ok
test expression::ast::tests::ast_with_source_derived_spans_none ... ok
test binder::tests::binds_component_variable_and_reference_selector_mode ... ok
test expression::ast::tests::is_assignment_predicate ... ok
test binder::tests::selectorless_matches_by_class_name_and_tracks_missing ... ok
test expression::ast::tests::literal_value_null_vs_undefined_distinct ... ok
test expression::ast::tests::parse_span_to_absolute ... ok
test expression::ast::tests::parsed_property_derived_flags ... ok
test expression::ast::tests::structural_equality_clone ... ok
test expression::ast::tests::unary_constructors ... ok
test expression::ast::tests::synthetic_zero_is_zero_literal ... ok
test expression::ast::tests::unary_visit_fallback_recurses_into_expr ... ok
test expression::lexer::tests::empty_input_yields_no_tokens ... ok
test expression::lexer::tests::classifies_keywords_vs_identifiers ... ok
test expression::lexer::tests::brace_stack_distinguishes_object_close_from_interpolation ... ok
test expression::lexer::tests::eof_constant_has_negative_sentinels ... ok
test expression::lexer::tests::invalid_numeric_separator_is_error ... ok
test expression::lexer::tests::nbsp_is_skipped ... ok
test expression::lexer::tests::parse_int_auto_radix_handles_hex_slice ... ok
test expression::lexer::tests::regex_vs_division_heuristic ... ok
test expression::lexer::tests::tokenizes_double_quoted_string ... ok
test expression::lexer::tests::tokenizes_event_binding_parens ... ok
test expression::lexer::tests::tokenizes_integers_floats_and_separators ... ok
test expression::lexer::tests::tokenizes_interpolation_member_access_body ... ok
test expression::lexer::tests::tokenizes_operators ... ok
test expression::lexer::tests::tokenizes_plain_string_with_escapes ... ok
test expression::lexer::tests::tokenizes_private_identifier ... ok
test expression::lexer::tests::tokenizes_property_binding_brackets_and_assign ... ok
test expression::lexer::tests::tokenizes_template_literal_with_interpolation ... ok
test expression::lexer::tests::tokenizes_unicode_escape ... ok
test expression::lexer::tests::unexpected_character_is_error ... ok
test expression::lexer::tests::unterminated_quote_is_error ... ok
test expression::parser::tests::arrow_body_allows_assignment ... ok
test expression::parser::tests::arrow_function_multi_param ... ok
test expression::parser::tests::arrow_function_single_param ... ok
test expression::parser::tests::assignment_in_action_is_binary ... ok
test expression::parser::tests::assignment_in_binding_is_error ... ok
test expression::parser::tests::call_with_args ... ok
test expression::parser::tests::chain_in_action ... ok
test expression::parser::tests::chain_in_binding_is_error ... ok
test expression::parser::tests::check_no_interpolation_error ... ok
test expression::parser::tests::conditional_ternary ... ok
test expression::parser::tests::empty_input_is_empty_expr ... ok
test expression::parser::tests::exponentiation_right_assoc ... ok
test expression::parser::tests::interpolation_blank_is_error ... ok
test expression::parser::tests::interpolation_basic ... ok
test expression::parser::tests::interpolation_expression_for_icu ... ok
test expression::parser::tests::interpolation_none_when_no_braces ... ok
test expression::parser::tests::keyed_read ... ok
test expression::parser::tests::literal_array ... ok
test expression::parser::tests::missing_closing_paren_recovers ... ok
test expression::parser::tests::literal_map_with_shorthand ... ok
test expression::parser::tests::non_null_assert ... ok
test expression::parser::tests::null_undefined_distinct ... ok
test expression::parser::tests::nullish_coalescing ... ok
test expression::parser::tests::parenthesized ... ok
test expression::parser::tests::parses_literal_number ... ok
test expression::parser::tests::parses_simple_property_read ... ok
test expression::parser::tests::pipe_in_action_is_error ... ok
test expression::parser::tests::pipe_with_args ... ok
test expression::parser::tests::precedence_add_then_mul ... ok
test expression::parser::tests::prefix_not_and_typeof_void ... ok
test expression::parser::tests::relational_in_operator ... ok
test expression::parser::tests::safe_navigation ... ok
test expression::parser::tests::regex_literal ... ok
test expression::parser::tests::simple_binding_rejects_pipes ... ok
test expression::parser::tests::strip_comments_quote_aware ... ok
test expression::parser::tests::spread_in_call ... ok
test expression::parser::tests::tagged_template_literal ... ok
test expression::parser::tests::template_bindings_as ... ok
test expression::parser::tests::template_bindings_ngfor ... ok
test expression::parser::tests::template_literal_with_interpolation ... ok
test expression::parser::tests::ternary_missing_branch_errors ... ok
test expression::parser::tests::this_receiver ... ok
test expression::parser::tests::unary_before_exponentiation_is_error ... ok
test expression::parser::tests::unary_minus_is_unary_node ... ok
test expression::parser::tests::unsupported_regex_flag_errors ... ok
test factory::tests::delegated_class_factory_uses_conditional_pattern ... ok
test factory::tests::inherited_factory_wraps_in_pure_iife ... ok
test factory::tests::injectable_dep_uses_inject_not_directive_inject ... ok
test factory::tests::invalid_dep_token_emits_invalid_factory_dep ... ok
test factory::tests::invalid_deps_emit_invalid_factory ... ok
test factory::tests::no_dep_injectable_uses_inject_and_no_ts_ignore ... ok
test identifiers::tests::core_has_no_name_and_core_module ... ok
test factory::tests::two_dep_directive_factory_structure ... ok
test factory::tests::optional_dep_emits_flags_param ... ok
test identifiers::tests::field_name_diverges_from_wire_name ... ok
test identifiers::tests::every_reference_targets_core ... ok
test identifiers::tests::free_fn_accessors_match_enum ... ok
test identifiers::tests::names_are_unique ... ok
test identifiers::tests::prefix_families_preserved ... ok
test identifiers::tests::table_has_214_members ... ok
test ml_parser::tests::parses_comment ... ok
test ml_parser::tests::parses_icu_expansion ... ok
test ml_parser::tests::parses_let_declaration ... ok
test ml_parser::tests::parses_interpolation_token_boundaries ... ok
test ml_parser::tests::parses_if_block ... ok
test ml_parser::tests::parses_div_with_attrs_and_text ... ok
test ml_parser::tests::void_element_has_no_children ... ok
test output::emitter::tests::emits_conditional ... ok
test output::emitter::tests::emits_arrow_function ... ok
test output::emitter::tests::emits_let_when_not_final ... ok
test output::emitter::tests::emits_binary_logical_assignment_split ... ok
test output::emitter::tests::emits_array_and_map ... ok
test output::emitter::tests::emits_new_expression ... ok
test output::emitter::tests::emits_member_and_index_reads ... ok
test output::emitter::tests::emits_not_and_unary ... ok
test output::emitter::tests::emits_return_and_if ... ok
test output::emitter::tests::emits_var_decl_and_element_call ... ok
test output::emitter::tests::unsupported_node_emits_placeholder_not_panic ... ok
test output_ast::tests::arrow_body_equivalence_requires_same_shape ... ok
test output_ast::tests::binary_operator_has_all_31_variants ... ok
test output_ast::tests::clone_is_deep_and_equivalent ... ok
test output_ast::tests::conditional_inherits_true_case_type ... ok
test output_ast::tests::cooked_raw_string_no_metablock ... ok
test output_ast::tests::cooked_raw_string_with_metablock ... ok
test output_ast::tests::external_equivalence_uses_name_and_module ... ok
test output_ast::tests::invoke_is_equivalent_compares_pure_not_optional ... ok
test output_ast::tests::is_assignment_covers_all_compound_ops ... ok
test output_ast::tests::is_constant_predicate ... ok
test output_ast::tests::is_equivalent_ignores_type_and_span ... ok
test output_ast::tests::is_null_helper ... ok
test output_ast::tests::literal_equality_matches_js_strict ... ok
test output_ast::tests::localized_string_is_never_equivalent ... ok
test output_ast::tests::serialize_tags_empty_and_single ... ok
test output_ast::tests::stmt_is_equivalent_declare_var ... ok
test output_ast::tests::serialize_tags_multi ... ok
test output_ast::tests::stmt_modifier_flags ... ok
test output_ast::tests::tag_to_string_rejects_comment_markers ... ok
test output_ast::tests::template_literal_element_derives_raw_text ... ok
test pipe_module_injector::tests::async_resolver_emits_dynamic_imports_with_ts_ignore ... ok
test pipe_module_injector::tests::class_metadata_is_dev_guarded_iife ... ok
test pipe_module_injector::tests::pipe_emits_define_pipe_with_name_type_pure ... ok
test pipe_module_injector::tests::module_id_emits_register_side_effect ... ok
test pipe_module_injector::tests::injector_omits_null_providers ... ok
test output_ast::tests::not_forces_bool_type_and_unary_forces_number ... ok
test output_ast::tests::type_modifier_flags ... ok
test pipe_module_injector::tests::injector_emits_define_injector ... ok
test output_ast::tests::visitor_counts_nested_exprs ... ok
test pipe_module_injector::tests::pipe_name_falls_back_to_class_name ... ok
test pipe_module_injector::tests::pipe_type_uses_pipe_declaration ... ok
test pipe_module_injector::tests::side_effect_mode_emits_jit_guarded_iife ... ok
test pipe_module_injector::tests::simple_global_module_emits_define_ng_module ... ok
test template::r3_ast::tests::content_name_constant ... ok
test template::r3_ast::tests::deferred_block_visits_hydrate_then_main_then_prefetch_then_children ... ok
test template::r3_ast::tests::from_bound_element_property_carries_fields ... ok
test template::r3_ast::tests::element_children_traversed_in_order ... ok
test template::r3_ast::tests::for_loop_visits_children_then_empty ... ok
test template::r3_ast::tests::from_bound_element_property_panics_without_key_span - should panic ... ok
test template::r3_ast::tests::from_parsed_event_target_phase_derivation ... ok
test template::r3_ast::tests::host_element_requires_tag_name - should panic ... ok
test template::r3_ast::tests::if_block_branch_visits_children_then_alias ... ok
test template::r3_ast::tests::node_source_span_accessor ... ok
test template::r3_ast::tests::visit_all_collect_drops_none ... ok

test result: ok. 165 passed; 0 failed; 0 ignored; 0 measured; 0 filtered out; finished in 0.05s

   Doc-tests render3

running 0 tests

test result: ok. 0 passed; 0 failed; 0 ignored; 0 measured; 0 filtered out; finished in 0.00s

