   Compiling render3 v0.1.0 (D:\dev\treaty\libs\render3)
error: implementation of `Fn` is not general enough
   --> libs\render3\src\ml_parser.rs:937:13
    |
937 | /             self.consume_with_interpolation(
938 | |                 TokenType::Text,
939 | |                 TokenType::Interpolation,
940 | |                 &Tokenizer::is_text_end,
941 | |                 &Tokenizer::is_tag_start,
942 | |             )?;
    | |_____________^ implementation of `Fn` is not general enough
    |
    = note: `for<'a> fn(&'a Tokenizer<'2>) -> bool {Tokenizer::<'2>::is_text_end}` must implement `Fn<(&Tokenizer<'1>,)>`, for any lifetime `'1`...
    = note: ...but it actually implements `Fn<(&Tokenizer<'2>,)>`, for some specific lifetime `'2`

error: implementation of `FnOnce` is not general enough
   --> libs\render3\src\ml_parser.rs:937:13
    |
937 | /             self.consume_with_interpolation(
938 | |                 TokenType::Text,
939 | |                 TokenType::Interpolation,
940 | |                 &Tokenizer::is_text_end,
941 | |                 &Tokenizer::is_tag_start,
942 | |             )?;
    | |_____________^ implementation of `FnOnce` is not general enough
    |
    = note: `for<'a> fn(&'a Tokenizer<'2>) -> bool {Tokenizer::<'2>::is_text_end}` must implement `FnOnce<(&Tokenizer<'1>,)>`, for any lifetime `'1`...
    = note: ...but it actually implements `FnOnce<(&Tokenizer<'2>,)>`, for some specific lifetime `'2`

error: implementation of `Fn` is not general enough
   --> libs\render3\src\ml_parser.rs:937:13
    |
937 | /             self.consume_with_interpolation(
938 | |                 TokenType::Text,
939 | |                 TokenType::Interpolation,
940 | |                 &Tokenizer::is_text_end,
941 | |                 &Tokenizer::is_tag_start,
942 | |             )?;
    | |_____________^ implementation of `Fn` is not general enough
    |
    = note: `for<'a> fn(&'a Tokenizer<'2>) -> bool {Tokenizer::<'2>::is_tag_start}` must implement `Fn<(&Tokenizer<'1>,)>`, for any lifetime `'1`...
    = note: ...but it actually implements `Fn<(&Tokenizer<'2>,)>`, for some specific lifetime `'2`

error: implementation of `FnOnce` is not general enough
   --> libs\render3\src\ml_parser.rs:937:13
    |
937 | /             self.consume_with_interpolation(
938 | |                 TokenType::Text,
939 | |                 TokenType::Interpolation,
940 | |                 &Tokenizer::is_text_end,
941 | |                 &Tokenizer::is_tag_start,
942 | |             )?;
    | |_____________^ implementation of `FnOnce` is not general enough
    |
    = note: `for<'a> fn(&'a Tokenizer<'2>) -> bool {Tokenizer::<'2>::is_tag_start}` must implement `FnOnce<(&Tokenizer<'1>,)>`, for any lifetime `'1`...
    = note: ...but it actually implements `FnOnce<(&Tokenizer<'2>,)>`, for some specific lifetime `'2`

error: could not compile `render3` (lib) due to 4 previous errors
warning: build failed, waiting for other jobs to finish...
error: could not compile `render3` (lib test) due to 4 previous errors
